INFO:train_batch_corrected:Initialized config: n_cells=2937, n_genes=5000, n_batches=45
/home/alan/Documents/decipher_batch_correction/Bone_Marrow_Hematopoiesis/Subset_by_cell_type/../../decipher-batch-correction/decipher-bc/data_loader_batch_corrected.py:142: UserWarning: The given NumPy array is not writable, and PyTorch does not support non-writable tensors. This means writing to this tensor will result in undefined behavior. You may want to copy the array to protect its data or make it writable before converting it to a tensor. This type of warning will be suppressed for the rest of this program. (Triggered internally at /pytorch/torch/csrc/utils/tensor_numpy.cpp:206.)
  batch_indices = torch.LongTensor(batch_codes)
INFO:train_batch_corrected:Batch mapping: {0: 'Ainciburu2022_elderly1', 1: 'Ainciburu2022_elderly2', 2: 'Ainciburu2022_young1', 3: 'Ainciburu2022_young2', 4: 'Ainciburu2022_young3', 5: 'Ainciburu2022_young4', 6: 'Granja2019_BMMC_D1T1', 7: 'Granja2019_BMMC_D1T2', 8: 'Granja2019_CD34_D2T1', 9: 'Granja2019_CD34_D3T1', 10: 'HCA_BM_BM1', 11: 'HCA_BM_BM2', 12: 'HCA_BM_BM3', 13: 'HCA_BM_BM4', 14: 'HCA_BM_BM5', 15: 'HCA_BM_BM6', 16: 'HCA_BM_BM7', 17: 'HCA_BM_BM8', 18: 'Mende2022_BM_DOD1', 19: 'Mende2022_BM_DOD2', 20: 'Oetjen2018_A', 21: 'Oetjen2018_B', 22: 'Oetjen2018_C', 23: 'Oetjen2018_Ck', 24: 'Oetjen2018_E', 25: 'Oetjen2018_F', 26: 'Oetjen2018_G', 27: 'Oetjen2018_H', 28: 'Oetjen2018_J', 29: 'Oetjen2018_K', 30: 'Oetjen2018_L', 31: 'Oetjen2018_M', 32: 'Oetjen2018_N', 33: 'Oetjen2018_O', 34: 'Oetjen2018_P', 35: 'Oetjen2018_Q', 36: 'Oetjen2018_R', 37: 'Oetjen2018_S', 38: 'Oetjen2018_Sk', 39: 'Oetjen2018_T', 40: 'Oetjen2018_U', 41: 'Oetjen2018_W', 42: 'Setty2019_BM1', 43: 'Setty2019_BM2', 44: 'Setty2019_BM3'}
INFO:train_batch_corrected:Training samples: 2644, Validation samples: 293
INFO:train_batch_corrected:Model has 2,057,116 parameters
INFO:train_batch_corrected:Starting training...
INFO:train_batch_corrected:Epoch 1/150 - Train Loss: 347613.52, Val Loss: 166016.12
INFO:train_batch_corrected:Epoch 10/150 - Train Loss: 192027.96, Val Loss: 139560.18
INFO:train_batch_corrected:Epoch 20/150 - Train Loss: 188868.96, Val Loss: 139777.76
INFO:train_batch_corrected:Epoch 30/150 - Train Loss: 186978.20, Val Loss: 139447.29
INFO:train_batch_corrected:Early stopping at epoch 36
INFO:train_batch_corrected:Training complete!
INFO:train_batch_corrected:Computed embeddings: z shape=(2937, 10), v shape=(2937, 2)
INFO:train_batch_corrected:Attention weights shape: (2937, 2, 1, 1)
================================================================================
BATCH-CORRECTED DECIPHER - ERYTHROID LINEAGE (Beta=1.0, 2 heads)
================================================================================

1. Loading erythroid subset...
   Cells: 2,937
   Genes: 5,000
   Cell types: 6
   Donors: 45

2. Configuring Batch-Corrected Decipher...

Configuration:
   dim_z: 10
   dim_v: 2
   batch_emb_dim: 64
   n_attention_heads: 2
   beta: 1.0
   learning_rate: 0.005
   batch_size: 128
   n_epochs: 150

3. Training Batch-Corrected Decipher...
--------------------------------------------------------------------------------
INFO: Using raw counts from adata.layers['counts']
--------------------------------------------------------------------------------

4. Training completed!
   Final epoch: 36
   Final train loss: 186346.3520
   Final val loss: 139738.7798

5. Computing embeddings...
INFO: Using raw counts from adata.layers['counts']
   Z-space shape: (2937, 10)
   V-space shape: (2937, 2)
   Attention weights shape: (2937, 2, 1, 1)

6. Computing UMAP on V-space...

7. Saving results...
   Saved to: erythroid_batch_corrected_beta1.0_heads2.h5ad

8. Creating visualizations...
   Saved to: erythroid_batch_corrected_beta1.0_heads2_results.png

================================================================================
✓ BATCH-CORRECTED DECIPHER TRAINING COMPLETE!
================================================================================

Outputs:
  1. erythroid_batch_corrected_beta1.0_heads2.h5ad
  2. erythroid_batch_corrected_beta1.0_heads2_results.png

Next steps:
  - Compare with Regular Decipher
  - Analyze marker gene expression
  - Compute batch mixing metrics
