================================================================================
V-SPACE VISUALIZATION - ALL THREE MODELS
================================================================================

1. Loading trained models...
   Regular Decipher: 2937 cells
   Attention BC (Beta=1.0, 2 heads): 2937 cells
   Concatenation BC (Beta=1.0): 2937 cells

2. Computing pseudotime for all models...
   Computing for Regular Decipher...
   Computing for Attention BC...
   Computing for Concatenation BC...

3. Creating visualizations...

✓ Saved: /home/alan/Documents/decipher_batch_correction/Bone_Marrow_Hematopoiesis/Subset_by_cell_type/Small Subset Training/Visualizations/all_models_v_space_comparison.png

================================================================================
✓ VISUALIZATION COMPLETE!
================================================================================

4. Computing V1-Pseudotime correlations...

Spearman Correlation (V1 vs Pseudotime):
--------------------------------------------------------------------------------
                                  Spearman ρ       p-value
Regular Decipher                   -0.968937  0.000000e+00
Attention BC (Beta=1.0, 2 heads)    0.143397  5.793574e-15
Concatenation BC (Beta=1.0)        -0.775886  0.000000e+00
--------------------------------------------------------------------------------

Interpretation:
  • Higher |ρ| indicates better alignment with developmental trajectory
  • All p-values should be << 0.05 for significant correlation

  Best model: Regular Decipher
  (|ρ| = 0.969)

Outputs:
  1. /home/alan/Documents/decipher_batch_correction/Bone_Marrow_Hematopoiesis/Subset_by_cell_type/Small Subset Training/Visualizations/all_models_v_space_comparison.png

The visualization shows:
  - Row 1: V-space colored by cell type (discrete maturation stages)
  - Row 2: V-space colored by pseudotime (continuous developmental trajectory)
  - All three models side-by-side for easy comparison
